09:48:26 **** Incremental Build of configuration Debug for project task_schedule ****
make -j12 all 
arm-none-eabi-gcc "../Src/main.c" -mcpu=cortex-m4 -std=gnu11 -g3 -DDEBUG -DSTM32 -DSTM32F407G_DISC1 -DSTM32F4 -DSTM32F407VGTx -c -I../Inc -O0 -ffunction-sections -fdata-sections -Wall -fstack-usage -fcyclomatic-complexity -MMD -MP -MF"Src/main.d" -MT"Src/main.o" --specs=nano.specs -mfloat-abi=soft -mthumb -o "Src/main.o"
arm-none-eabi-gcc -o "task_schedule.elf" @"objects.list"   -mcpu=cortex-m4 -T"C:\Users\ADMIN\Desktop\Embedded\3 Stm32\task_schedule\STM32F407VGTX_FLASH.ld" --specs=nosys.specs -Wl,-Map="task_schedule.map" -Wl,--gc-sections -static --specs=nano.specs -mfloat-abi=soft -mthumb -Wl,--start-group -lc -lm -Wl,--end-group
Finished building target: task_schedule.elf
 
arm-none-eabi-size  task_schedule.elf 
arm-none-eabi-objdump -h -S task_schedule.elf  > "task_schedule.list"
   text	   data	    bss	    dec	    hex	filename
   4888	     96	   1984	   6968	   1b38	task_schedule.elf
Finished building: default.size.stdout
 
Finished building: task_schedule.list
 
09:48:28 **** Incremental Build of configuration Debug for project task_schedule ****
make -j12 all 
arm-none-eabi-size  task_schedule.elf 
   text	   data	    bss	    dec	    hex	filename
   4888	     96	   1984	   6968	   1b38	task_schedule.elf
Finished building: default.size.stdout
 
09:50:16 **** Incremental Build of configuration Debug for project task_schedule ****
make -j12 all 
arm-none-eabi-size  task_schedule.elf 
   text	   data	    bss	    dec	    hex	filename
   4888	     96	   1984	   6968	   1b38	task_schedule.elf
Finished building: default.size.stdout
 
